
63. Printing statistics.

=== project4 ===

   Number of wires:               4912
   Number of wire bits:           5017
   Number of public wires:        1032
   Number of public wire bits:    1137
   Number of memories:               0
   Number of memory bits:            0
   Number of processes:              0
   Number of cells:               4968
     sky130_fd_sc_hd__a21o_2        64
     sky130_fd_sc_hd__and2b_2       66
     sky130_fd_sc_hd__and3_2         2
     sky130_fd_sc_hd__and3b_2        4
     sky130_fd_sc_hd__buf_1       1865
     sky130_fd_sc_hd__dfxtp_2     1024
     sky130_fd_sc_hd__inv_2          3
     sky130_fd_sc_hd__mux2_2      1314
     sky130_fd_sc_hd__mux4_2       522
     sky130_fd_sc_hd__nand2_2       13
     sky130_fd_sc_hd__nand3_2        1
     sky130_fd_sc_hd__nand3b_2       1
     sky130_fd_sc_hd__nor2_2        18
     sky130_fd_sc_hd__o22a_2        64
     sky130_fd_sc_hd__or2_2          1
     sky130_fd_sc_hd__or2b_2         1
     sky130_fd_sc_hd__or3_2          1
     sky130_fd_sc_hd__or3b_2         4

   Chip area for module '\project4': 57452.601600

