
===========================================================================
 report_power
============================================================================
======================= Fastest Corner ===================================

Group                  Internal  Switching    Leakage      Total
                          Power      Power      Power      Power (Watts)
----------------------------------------------------------------
Sequential             1.50e-04   0.00e+00   3.25e-08   1.50e-04  33.5%
Combinational          5.71e-14   4.88e-13   2.58e-09   2.58e-09   0.0%
Clock                  1.14e-04   1.84e-04   1.25e-08   2.98e-04  66.5%
Macro                  0.00e+00   0.00e+00   0.00e+00   0.00e+00   0.0%
Pad                    0.00e+00   0.00e+00   0.00e+00   0.00e+00   0.0%
----------------------------------------------------------------
Total                  2.64e-04   1.84e-04   4.76e-08   4.49e-04 100.0%
                          58.9%      41.1%       0.0%

======================= Slowest Corner ===================================

Group                  Internal  Switching    Leakage      Total
                          Power      Power      Power      Power (Watts)
----------------------------------------------------------------
Sequential             9.86e-05   0.00e+00   6.49e-07   9.93e-05  32.6%
Combinational          4.02e-14   3.28e-13   1.05e-06   1.05e-06   0.3%
Clock                  8.11e-05   1.23e-04   1.25e-07   2.04e-04  67.0%
Macro                  0.00e+00   0.00e+00   0.00e+00   0.00e+00   0.0%
Pad                    0.00e+00   0.00e+00   0.00e+00   0.00e+00   0.0%
----------------------------------------------------------------
Total                  1.80e-04   1.23e-04   1.82e-06   3.04e-04 100.0%
                          59.0%      40.4%       0.6%

======================= Typical Corner ===================================

Group                  Internal  Switching    Leakage      Total
                          Power      Power      Power      Power (Watts)
----------------------------------------------------------------
Sequential             1.29e-04   0.00e+00   3.18e-08   1.29e-04  33.5%
Combinational          4.89e-14   4.16e-13   8.86e-10   8.87e-10   0.0%
Clock                  1.00e-04   1.56e-04   1.22e-08   2.57e-04  66.5%
Macro                  0.00e+00   0.00e+00   0.00e+00   0.00e+00   0.0%
Pad                    0.00e+00   0.00e+00   0.00e+00   0.00e+00   0.0%
----------------------------------------------------------------
Total                  2.30e-04   1.56e-04   4.50e-08   3.86e-04 100.0%
                          59.5%      40.5%       0.0%

