
===========================================================================
 report_power
============================================================================
======================= Fastest Corner ===================================

Group                  Internal  Switching    Leakage      Total
                          Power      Power      Power      Power (Watts)
----------------------------------------------------------------
Sequential             1.50e-04   0.00e+00   3.25e-08   1.50e-04  34.2%
Combinational          5.69e-14   4.58e-13   2.58e-09   2.58e-09   0.0%
Clock                  1.14e-04   1.75e-04   1.25e-08   2.88e-04  65.8%
Macro                  0.00e+00   0.00e+00   0.00e+00   0.00e+00   0.0%
Pad                    0.00e+00   0.00e+00   0.00e+00   0.00e+00   0.0%
----------------------------------------------------------------
Total                  2.64e-04   1.75e-04   4.76e-08   4.38e-04 100.0%
                          60.2%      39.8%       0.0%

======================= Slowest Corner ===================================

Group                  Internal  Switching    Leakage      Total
                          Power      Power      Power      Power (Watts)
----------------------------------------------------------------
Sequential             9.86e-05   0.00e+00   6.49e-07   9.93e-05  33.3%
Combinational          4.03e-14   3.07e-13   1.05e-06   1.05e-06   0.4%
Clock                  8.10e-05   1.16e-04   1.25e-07   1.97e-04  66.3%
Macro                  0.00e+00   0.00e+00   0.00e+00   0.00e+00   0.0%
Pad                    0.00e+00   0.00e+00   0.00e+00   0.00e+00   0.0%
----------------------------------------------------------------
Total                  1.80e-04   1.16e-04   1.82e-06   2.98e-04 100.0%
                          60.3%      39.0%       0.6%

======================= Typical Corner ===================================

Group                  Internal  Switching    Leakage      Total
                          Power      Power      Power      Power (Watts)
----------------------------------------------------------------
Sequential             1.29e-04   0.00e+00   3.18e-08   1.29e-04  34.2%
Combinational          4.90e-14   3.90e-13   8.86e-10   8.87e-10   0.0%
Clock                  1.00e-04   1.48e-04   1.22e-08   2.48e-04  65.8%
Macro                  0.00e+00   0.00e+00   0.00e+00   0.00e+00   0.0%
Pad                    0.00e+00   0.00e+00   0.00e+00   0.00e+00   0.0%
----------------------------------------------------------------
Total                  2.29e-04   1.48e-04   4.50e-08   3.77e-04 100.0%
                          60.8%      39.2%       0.0%

