
===========================================================================
report_checks -unconstrained
===========================================================================
======================= Fastest Corner ===================================

Startpoint: _330_ (rising edge-triggered flip-flop clocked by core_clock)
Endpoint: _341_ (rising edge-triggered flip-flop clocked by core_clock)
Path Group: core_clock
Path Type: max
Corner: Fastest

Fanout     Cap    Slew   Delay    Time   Description
-----------------------------------------------------------------------------
                          0.00    0.00   clock core_clock (rise edge)
                          0.00    0.00   clock source latency
     2    0.05    0.00    0.00    0.00 ^ clk (in)
                                         clk (net)
                  0.00    0.00    0.00 ^ clkbuf_0_clk/A (sky130_fd_sc_hd__clkbuf_16)
     4    0.11    0.10    0.13    0.13 ^ clkbuf_0_clk/X (sky130_fd_sc_hd__clkbuf_16)
                                         clknet_0_clk (net)
                  0.10    0.00    0.13 ^ clkbuf_2_0__f_clk/A (sky130_fd_sc_hd__clkbuf_16)
     9    0.08    0.08    0.14    0.27 ^ clkbuf_2_0__f_clk/X (sky130_fd_sc_hd__clkbuf_16)
                                         clknet_2_0__leaf_clk (net)
                  0.08    0.00    0.27 ^ _330_/CLK (sky130_fd_sc_hd__dfrtp_4)
     7    0.17    0.19    0.45    0.72 v _330_/Q (sky130_fd_sc_hd__dfrtp_4)
                                         one_second_counter[0] (net)
                  0.19    0.02    0.73 v _177_/D (sky130_fd_sc_hd__and4_4)
     9    0.18    0.17    0.31    1.04 v _177_/X (sky130_fd_sc_hd__and4_4)
                                         _075_ (net)
                  0.18    0.03    1.07 v _179_/A (sky130_fd_sc_hd__and2_4)
     6    0.12    0.11    0.23    1.30 v _179_/X (sky130_fd_sc_hd__and2_4)
                                         _077_ (net)
                  0.11    0.01    1.31 v _184_/A2 (sky130_fd_sc_hd__o31a_2)
     1    0.04    0.10    0.29    1.59 v _184_/X (sky130_fd_sc_hd__o31a_2)
                                         _082_ (net)
                  0.10    0.01    1.60 v _186_/A2 (sky130_fd_sc_hd__o211ai_4)
     2    0.07    0.40    0.34    1.94 ^ _186_/Y (sky130_fd_sc_hd__o211ai_4)
                                         _084_ (net)
                  0.40    0.01    1.95 ^ _187_/A2 (sky130_fd_sc_hd__a21bo_4)
    12    0.17    0.42    0.36    2.31 ^ _187_/X (sky130_fd_sc_hd__a21bo_4)
                                         _085_ (net)
                  0.42    0.01    2.32 ^ _188_/A (sky130_fd_sc_hd__inv_4)
     2    0.09    0.15    0.11    2.43 v _188_/Y (sky130_fd_sc_hd__inv_4)
                                         _086_ (net)
                  0.15    0.02    2.45 v _189_/A (sky130_fd_sc_hd__buf_12)
    10    0.21    0.09    0.17    2.62 v _189_/X (sky130_fd_sc_hd__buf_12)
                                         _027_ (net)
                  0.10    0.02    2.64 v _229_/A (sky130_fd_sc_hd__nor3_4)
     1    0.05    0.40    0.37    3.01 ^ _229_/Y (sky130_fd_sc_hd__nor3_4)
                                         _002_ (net)
                  0.40    0.01    3.02 ^ _341_/D (sky130_fd_sc_hd__dfrtp_4)
                                  3.02   data arrival time

                         10.00   10.00   clock core_clock (rise edge)
                          0.00   10.00   clock source latency
     2    0.05    0.00    0.00   10.00 ^ clk (in)
                                         clk (net)
                  0.00    0.00   10.00 ^ clkbuf_0_clk/A (sky130_fd_sc_hd__clkbuf_16)
     4    0.11    0.10    0.13   10.13 ^ clkbuf_0_clk/X (sky130_fd_sc_hd__clkbuf_16)
                                         clknet_0_clk (net)
                  0.10    0.00   10.13 ^ clkbuf_2_0__f_clk/A (sky130_fd_sc_hd__clkbuf_16)
     9    0.08    0.08    0.14   10.27 ^ clkbuf_2_0__f_clk/X (sky130_fd_sc_hd__clkbuf_16)
                                         clknet_2_0__leaf_clk (net)
                  0.08    0.00   10.27 ^ _341_/CLK (sky130_fd_sc_hd__dfrtp_4)
                          0.00   10.27   clock reconvergence pessimism
                         -0.07   10.20   library setup time
                                 10.20   data required time
-----------------------------------------------------------------------------
                                 10.20   data required time
                                 -3.02   data arrival time
-----------------------------------------------------------------------------
                                  7.18   slack (MET)



======================= Slowest Corner ===================================

Startpoint: _330_ (rising edge-triggered flip-flop clocked by core_clock)
Endpoint: _352_ (rising edge-triggered flip-flop clocked by core_clock)
Path Group: core_clock
Path Type: max
Corner: Slowest

Fanout     Cap    Slew   Delay    Time   Description
-----------------------------------------------------------------------------
                          0.00    0.00   clock core_clock (rise edge)
                          0.00    0.00   clock source latency
     2    0.05    0.00    0.00    0.00 ^ clk (in)
                                         clk (net)
                  0.00    0.00    0.00 ^ clkbuf_0_clk/A (sky130_fd_sc_hd__clkbuf_16)
     4    0.11    0.19    0.30    0.30 ^ clkbuf_0_clk/X (sky130_fd_sc_hd__clkbuf_16)
                                         clknet_0_clk (net)
                  0.19    0.00    0.30 ^ clkbuf_2_0__f_clk/A (sky130_fd_sc_hd__clkbuf_16)
     9    0.08    0.15    0.35    0.65 ^ clkbuf_2_0__f_clk/X (sky130_fd_sc_hd__clkbuf_16)
                                         clknet_2_0__leaf_clk (net)
                  0.15    0.00    0.65 ^ _330_/CLK (sky130_fd_sc_hd__dfrtp_4)
     7    0.18    0.78    1.41    2.06 ^ _330_/Q (sky130_fd_sc_hd__dfrtp_4)
                                         one_second_counter[0] (net)
                  0.78    0.02    2.08 ^ _177_/D (sky130_fd_sc_hd__and4_4)
     9    0.18    0.86    1.34    3.42 ^ _177_/X (sky130_fd_sc_hd__and4_4)
                                         _075_ (net)
                  0.86    0.01    3.43 ^ _221_/C (sky130_fd_sc_hd__and4_4)
     7    0.10    0.49    1.10    4.53 ^ _221_/X (sky130_fd_sc_hd__and4_4)
                                         _109_ (net)
                  0.49    0.01    4.54 ^ _244_/D (sky130_fd_sc_hd__and4_2)
     1    0.05    0.41    0.89    5.44 ^ _244_/X (sky130_fd_sc_hd__and4_2)
                                         _126_ (net)
                  0.41    0.01    5.44 ^ _245_/A (sky130_fd_sc_hd__buf_12)
    11    0.23    0.41    0.55    5.99 ^ _245_/X (sky130_fd_sc_hd__buf_12)
                                         _127_ (net)
                  0.41    0.03    6.02 ^ _267_/C (sky130_fd_sc_hd__and4_4)
     3    0.13    0.61    1.07    7.09 ^ _267_/X (sky130_fd_sc_hd__and4_4)
                                         _143_ (net)
                  0.61    0.02    7.11 ^ _270_/B (sky130_fd_sc_hd__nand2_4)
     3    0.06    0.31    0.45    7.55 v _270_/Y (sky130_fd_sc_hd__nand2_4)
                                         _145_ (net)
                  0.31    0.00    7.56 v _271_/C (sky130_fd_sc_hd__and3_2)
     1    0.03    0.17    0.67    8.23 v _271_/X (sky130_fd_sc_hd__and3_2)
                                         _146_ (net)
                  0.17    0.00    8.24 v _272_/A (sky130_fd_sc_hd__buf_4)
     1    0.07    0.19    0.41    8.65 v _272_/X (sky130_fd_sc_hd__buf_4)
                                         _014_ (net)
                  0.19    0.02    8.67 v _352_/D (sky130_fd_sc_hd__dfrtp_4)
                                  8.67   data arrival time

                         10.00   10.00   clock core_clock (rise edge)
                          0.00   10.00   clock source latency
     2    0.05    0.00    0.00   10.00 ^ clk (in)
                                         clk (net)
                  0.00    0.00   10.00 ^ clkbuf_0_clk/A (sky130_fd_sc_hd__clkbuf_16)
     4    0.11    0.19    0.30   10.30 ^ clkbuf_0_clk/X (sky130_fd_sc_hd__clkbuf_16)
                                         clknet_0_clk (net)
                  0.19    0.00   10.30 ^ clkbuf_2_3__f_clk/A (sky130_fd_sc_hd__clkbuf_16)
     9    0.07    0.13    0.33   10.63 ^ clkbuf_2_3__f_clk/X (sky130_fd_sc_hd__clkbuf_16)
                                         clknet_2_3__leaf_clk (net)
                  0.13    0.00   10.64 ^ _352_/CLK (sky130_fd_sc_hd__dfrtp_4)
                          0.00   10.64   clock reconvergence pessimism
                         -0.31   10.33   library setup time
                                 10.33   data required time
-----------------------------------------------------------------------------
                                 10.33   data required time
                                 -8.67   data arrival time
-----------------------------------------------------------------------------
                                  1.66   slack (MET)



======================= Typical Corner ===================================

Startpoint: _330_ (rising edge-triggered flip-flop clocked by core_clock)
Endpoint: _341_ (rising edge-triggered flip-flop clocked by core_clock)
Path Group: core_clock
Path Type: max
Corner: Typical

Fanout     Cap    Slew   Delay    Time   Description
-----------------------------------------------------------------------------
                          0.00    0.00   clock core_clock (rise edge)
                          0.00    0.00   clock source latency
     2    0.05    0.00    0.00    0.00 ^ clk (in)
                                         clk (net)
                  0.00    0.00    0.00 ^ clkbuf_0_clk/A (sky130_fd_sc_hd__clkbuf_16)
     4    0.11    0.12    0.18    0.18 ^ clkbuf_0_clk/X (sky130_fd_sc_hd__clkbuf_16)
                                         clknet_0_clk (net)
                  0.12    0.00    0.18 ^ clkbuf_2_0__f_clk/A (sky130_fd_sc_hd__clkbuf_16)
     9    0.08    0.10    0.20    0.38 ^ clkbuf_2_0__f_clk/X (sky130_fd_sc_hd__clkbuf_16)
                                         clknet_2_0__leaf_clk (net)
                  0.10    0.00    0.38 ^ _330_/CLK (sky130_fd_sc_hd__dfrtp_4)
     7    0.17    0.25    0.70    1.08 v _330_/Q (sky130_fd_sc_hd__dfrtp_4)
                                         one_second_counter[0] (net)
                  0.25    0.02    1.10 v _177_/D (sky130_fd_sc_hd__and4_4)
     9    0.18    0.23    0.45    1.55 v _177_/X (sky130_fd_sc_hd__and4_4)
                                         _075_ (net)
                  0.24    0.03    1.58 v _179_/A (sky130_fd_sc_hd__and2_4)
     6    0.12    0.15    0.33    1.91 v _179_/X (sky130_fd_sc_hd__and2_4)
                                         _077_ (net)
                  0.15    0.01    1.92 v _184_/A2 (sky130_fd_sc_hd__o31a_2)
     1    0.04    0.13    0.46    2.38 v _184_/X (sky130_fd_sc_hd__o31a_2)
                                         _082_ (net)
                  0.13    0.01    2.39 v _186_/A2 (sky130_fd_sc_hd__o211ai_4)
     2    0.07    0.53    0.47    2.86 ^ _186_/Y (sky130_fd_sc_hd__o211ai_4)
                                         _084_ (net)
                  0.53    0.01    2.88 ^ _187_/A2 (sky130_fd_sc_hd__a21bo_4)
    12    0.17    0.55    0.55    3.43 ^ _187_/X (sky130_fd_sc_hd__a21bo_4)
                                         _085_ (net)
                  0.55    0.01    3.44 ^ _188_/A (sky130_fd_sc_hd__inv_4)
     2    0.09    0.19    0.21    3.66 v _188_/Y (sky130_fd_sc_hd__inv_4)
                                         _086_ (net)
                  0.20    0.02    3.68 v _189_/A (sky130_fd_sc_hd__buf_12)
    10    0.21    0.12    0.26    3.93 v _189_/X (sky130_fd_sc_hd__buf_12)
                                         _027_ (net)
                  0.12    0.02    3.95 v _229_/A (sky130_fd_sc_hd__nor3_4)
     1    0.05    0.56    0.53    4.48 ^ _229_/Y (sky130_fd_sc_hd__nor3_4)
                                         _002_ (net)
                  0.56    0.01    4.49 ^ _341_/D (sky130_fd_sc_hd__dfrtp_4)
                                  4.49   data arrival time

                         10.00   10.00   clock core_clock (rise edge)
                          0.00   10.00   clock source latency
     2    0.05    0.00    0.00   10.00 ^ clk (in)
                                         clk (net)
                  0.00    0.00   10.00 ^ clkbuf_0_clk/A (sky130_fd_sc_hd__clkbuf_16)
     4    0.11    0.12    0.18   10.18 ^ clkbuf_0_clk/X (sky130_fd_sc_hd__clkbuf_16)
                                         clknet_0_clk (net)
                  0.12    0.00   10.18 ^ clkbuf_2_0__f_clk/A (sky130_fd_sc_hd__clkbuf_16)
     9    0.08    0.10    0.20   10.38 ^ clkbuf_2_0__f_clk/X (sky130_fd_sc_hd__clkbuf_16)
                                         clknet_2_0__leaf_clk (net)
                  0.10    0.00   10.38 ^ _341_/CLK (sky130_fd_sc_hd__dfrtp_4)
                          0.00   10.38   clock reconvergence pessimism
                         -0.17   10.22   library setup time
                                 10.22   data required time
-----------------------------------------------------------------------------
                                 10.22   data required time
                                 -4.49   data arrival time
-----------------------------------------------------------------------------
                                  5.73   slack (MET)




===========================================================================
report_checks --slack_max -0.01
============================================================================
======================= Fastest Corner ===================================

No paths found.

======================= Slowest Corner ===================================

No paths found.

======================= Typical Corner ===================================

No paths found.


===========================================================================
 report_check_types -max_slew -max_cap -max_fanout -violators
============================================================================
======================= Fastest Corner ===================================


max slew violations count Fastest: 0
max fanout violations count Fastest: 0
max cap violations count Fastest: 0
======================= Slowest Corner ===================================


max slew violations count Slowest: 0
max fanout violations count Slowest: 0
max cap violations count Slowest: 0
======================= Typical Corner ===================================


max slew violations count Typical: 0
max fanout violations count Typical: 0
max cap violations count Typical: 0

===========================================================================
report_parasitic_annotation -report_unannotated
============================================================================
Found 11 unannotated drivers.
 clkload0/Y
 clkload1/X
 clkload2/X
 project3_10/LO
 project3_11/LO
 project3_12/LO
 project3_13/LO
 project3_14/LO
 project3_15/LO
 project3_16/LO
 project3_9/HI
Found 0 partially unannotated drivers.

===========================================================================
max slew violation count 0
max fanout violation count 0
max cap violation count 0
============================================================================

===========================================================================
check_setup -verbose -unconstrained_endpoints -multiple_clock -no_clock -no_input_delay -loops -generated_clocks
===========================================================================
Warning: There is 1 input port missing set_input_delay.
  rst
Warning: There are 15 unconstrained endpoints.
  an[0]
  an[1]
  an[2]
  an[3]
  an[4]
  an[5]
  an[6]
  an[7]
  seg[0]
  seg[1]
  seg[2]
  seg[3]
  seg[4]
  seg[5]
  seg[6]
